[INFO] Scanning for projects...
[INFO] 
[INFO] -------------------< com.abhijeet:chat-application >--------------------
[INFO] Building chat-application 0.0.1-SNAPSHOT
[INFO]   from pom.xml
[INFO] --------------------------------[ jar ]---------------------------------
[INFO] 
[INFO] --- resources:3.3.1:resources (default-resources) @ chat-application ---
[INFO] Copying 1 resource from src\main\resources to target\classes
[INFO] Copying 3 resources from src\main\resources to target\classes
[INFO] 
[INFO] --- compiler:3.14.1:compile (default-compile) @ chat-application ---
[INFO] Nothing to compile - all classes are up to date.
[INFO] ------------------------------------------------------------------------
[INFO] BUILD SUCCESS
[INFO] ------------------------------------------------------------------------
[INFO] Total time:  1.601 s
[INFO] Finished at: 2026-02-28T22:26:47+05:30
[INFO] ------------------------------------------------------------------------
